     0  *ast.FuncDecl {
     1  .  Func: 1
     2  .  LeftBrace: 15
     3  .  RightBrace: 51
     4  .  Name: *ast.Identifier {
     5  .  .  NamePos: 6
     6  .  .  Name: "assign"
     7  .  }
     8  .  Statements: []ast.Statement (len = 3) {
     9  .  .  0: *ast.ExprStatement {
    10  .  .  .  Expression: *ast.AssignExpr {
    11  .  .  .  .  Left: *ast.Identifier {
    12  .  .  .  .  .  NamePos: 17
    13  .  .  .  .  .  Name: "a"
    14  .  .  .  .  }
    15  .  .  .  .  Equals: 19
    16  .  .  .  .  Right: *ast.FloatLiteral {
    17  .  .  .  .  .  FloatPos: 21
    18  .  .  .  .  .  Lit: "1.23"
    19  .  .  .  .  .  Value: 1.23
    20  .  .  .  .  }
    21  .  .  .  }
    22  .  .  }
    23  .  .  1: *ast.ExprStatement {
    24  .  .  .  Expression: *ast.AssignExpr {
    25  .  .  .  .  Left: *ast.Identifier {
    26  .  .  .  .  .  NamePos: 27
    27  .  .  .  .  .  Name: "b"
    28  .  .  .  .  }
    29  .  .  .  .  Equals: 29
    30  .  .  .  .  Right: *ast.BinaryExpr {
    31  .  .  .  .  .  Left: *ast.ParenExpr {
    32  .  .  .  .  .  .  LParen: 31
    33  .  .  .  .  .  .  RParen: 35
    34  .  .  .  .  .  .  Expression: *ast.BinaryExpr {
    35  .  .  .  .  .  .  .  Left: *ast.IntLiteral {
    36  .  .  .  .  .  .  .  .  IntPos: 32
    37  .  .  .  .  .  .  .  .  Lit: "2"
    38  .  .  .  .  .  .  .  .  Value: 2
    39  .  .  .  .  .  .  .  }
    40  .  .  .  .  .  .  .  OpPos: 33
    41  .  .  .  .  .  .  .  Op: Plus
    42  .  .  .  .  .  .  .  Right: *ast.IntLiteral {
    43  .  .  .  .  .  .  .  .  IntPos: 34
    44  .  .  .  .  .  .  .  .  Lit: "3"
    45  .  .  .  .  .  .  .  .  Value: 3
    46  .  .  .  .  .  .  .  }
    47  .  .  .  .  .  .  }
    48  .  .  .  .  .  }
    49  .  .  .  .  .  OpPos: 36
    50  .  .  .  .  .  Op: Star
    51  .  .  .  .  .  Right: *ast.IntLiteral {
    52  .  .  .  .  .  .  IntPos: 37
    53  .  .  .  .  .  .  Lit: "4"
    54  .  .  .  .  .  .  Value: 4
    55  .  .  .  .  .  }
    56  .  .  .  .  }
    57  .  .  .  }
    58  .  .  }
    59  .  .  2: *ast.ExprStatement {
    60  .  .  .  Expression: *ast.AssignExpr {
    61  .  .  .  .  Left: *ast.Identifier {
    62  .  .  .  .  .  NamePos: 40
    63  .  .  .  .  .  Name: "c"
    64  .  .  .  .  }
    65  .  .  .  .  Equals: 42
    66  .  .  .  .  Right: *ast.AtomLiteral {
    67  .  .  .  .  .  QuotePos: 44
    68  .  .  .  .  .  Value: "atom"
    69  .  .  .  .  }
    70  .  .  .  }
    71  .  .  }
    72  .  }
    73  }
