     0  *ast.Module {
     1  .  File: *token.File {
     2  .  .  Name: "<test>"
     3  .  .  Size: 50
     4  .  }
     5  .  Id: *ast.Identifier {
     6  .  .  NamePos: <test>:1:8
     7  .  .  Name: "test"
     8  .  }
     9  .  Decls: []ast.Decl (len = 1) {
    10  .  .  0: *ast.FuncDecl {
    11  .  .  .  Func: <test>:2:1
    12  .  .  .  LeftBrace: <test>:2:12
    13  .  .  .  RightBrace: <test>:7:1
    14  .  .  .  Name: *ast.Identifier {
    15  .  .  .  .  NamePos: <test>:2:6
    16  .  .  .  .  Name: "bad"
    17  .  .  .  }
    18  .  .  .  Parameters: *ast.FieldList {
    19  .  .  .  .  Opening: <test>:2:9
    20  .  .  .  .  Closing: <test>:2:10
    21  .  .  .  }
    22  .  .  .  Statements: []ast.Statement (len = 3) {
    23  .  .  .  .  0: *ast.ExprStatement {
    24  .  .  .  .  .  Expression: *ast.Identifier {
    25  .  .  .  .  .  .  NamePos: <test>:3:2
    26  .  .  .  .  .  .  Name: "go"
    27  .  .  .  .  .  }
    28  .  .  .  .  }
    29  .  .  .  .  1: *ast.BadStmt {
    30  .  .  .  .  .  From: <test>:3:5
    31  .  .  .  .  .  To: <test>:5:3
    32  .  .  .  .  }
    33  .  .  .  .  2: *ast.ExprStatement {
    34  .  .  .  .  .  Expression: *ast.AssignExpr {
    35  .  .  .  .  .  .  Left: *ast.Identifier {
    36  .  .  .  .  .  .  .  NamePos: <test>:6:2
    37  .  .  .  .  .  .  .  Name: "a"
    38  .  .  .  .  .  .  }
    39  .  .  .  .  .  .  Equals: <test>:6:4
    40  .  .  .  .  .  .  Right: *ast.IntLiteral {
    41  .  .  .  .  .  .  .  IntPos: <test>:6:6
    42  .  .  .  .  .  .  .  Lit: "12"
    43  .  .  .  .  .  .  .  Value: 12
    44  .  .  .  .  .  .  }
    45  .  .  .  .  .  }
    46  .  .  .  .  }
    47  .  .  .  }
    48  .  .  }
    49  .  }
    50  }
