     0  *ast.Module {
     1  .  File: *token.File {
     2  .  .  Name: "<test>"
     3  .  .  Size: 50
     4  .  }
     5  .  Id: *ast.Identifier {
     6  .  .  NamePos: <test>:1:8
     7  .  .  Name: "test"
     8  .  }
     9  .  Decls: []ast.Decl (len = 1) {
    10  .  .  0: *ast.FuncDecl {
    11  .  .  .  Func: <test>:2:1
    12  .  .  .  LeftBrace: <test>:2:12
    13  .  .  .  RightBrace: <test>:7:1
    14  .  .  .  Name: *ast.Identifier {
    15  .  .  .  .  NamePos: <test>:2:6
    16  .  .  .  .  Name: "bad"
    17  .  .  .  }
    18  .  .  .  Statements: []ast.Statement (len = 3) {
    19  .  .  .  .  0: *ast.ExprStatement {
    20  .  .  .  .  .  Expression: *ast.Identifier {
    21  .  .  .  .  .  .  NamePos: <test>:3:2
    22  .  .  .  .  .  .  Name: "go"
    23  .  .  .  .  .  }
    24  .  .  .  .  }
    25  .  .  .  .  1: *ast.BadStmt {
    26  .  .  .  .  .  From: <test>:3:5
    27  .  .  .  .  .  To: <test>:5:3
    28  .  .  .  .  }
    29  .  .  .  .  2: *ast.ExprStatement {
    30  .  .  .  .  .  Expression: *ast.AssignExpr {
    31  .  .  .  .  .  .  Left: *ast.Identifier {
    32  .  .  .  .  .  .  .  NamePos: <test>:6:2
    33  .  .  .  .  .  .  .  Name: "a"
    34  .  .  .  .  .  .  }
    35  .  .  .  .  .  .  Equals: <test>:6:4
    36  .  .  .  .  .  .  Right: *ast.IntLiteral {
    37  .  .  .  .  .  .  .  IntPos: <test>:6:6
    38  .  .  .  .  .  .  .  Lit: "12"
    39  .  .  .  .  .  .  .  Value: 12
    40  .  .  .  .  .  .  }
    41  .  .  .  .  .  }
    42  .  .  .  .  }
    43  .  .  .  }
    44  .  .  }
    45  .  }
    46  }
