     0  *ast.FuncDecl {
     1  .  Func: <string>:1:1
     2  .  LeftBrace: <string>:1:13
     3  .  RightBrace: <string>:1:35
     4  .  Name: *ast.Identifier {
     5  .  .  NamePos: <string>:1:6
     6  .  .  Name: "call"
     7  .  }
     8  .  Parameters: *ast.FieldList {
     9  .  .  Opening: <string>:1:10
    10  .  .  Closing: <string>:1:11
    11  .  }
    12  .  Statements: []ast.Statement (len = 2) {
    13  .  .  0: *ast.ExprStatement {
    14  .  .  .  Expression: *ast.CallExpr {
    15  .  .  .  .  Fun: *ast.DotExpr {
    16  .  .  .  .  .  X: *ast.Identifier {
    17  .  .  .  .  .  .  NamePos: <string>:1:15
    18  .  .  .  .  .  .  Name: "mod"
    19  .  .  .  .  .  }
    20  .  .  .  .  .  Dot: <string>:1:18
    21  .  .  .  .  .  Attr: *ast.Identifier {
    22  .  .  .  .  .  .  NamePos: <string>:1:19
    23  .  .  .  .  .  .  Name: "fn"
    24  .  .  .  .  .  }
    25  .  .  .  .  }
    26  .  .  .  .  Args: []ast.Expression (len = 1) {
    27  .  .  .  .  .  0: *ast.IntLiteral {
    28  .  .  .  .  .  .  IntPos: <string>:1:22
    29  .  .  .  .  .  .  Lit: "1"
    30  .  .  .  .  .  .  Value: 1
    31  .  .  .  .  .  }
    32  .  .  .  .  }
    33  .  .  .  .  LeftParen: <string>:1:21
    34  .  .  .  .  RightParen: <string>:1:23
    35  .  .  .  }
    36  .  .  }
    37  .  .  1: *ast.ExprStatement {
    38  .  .  .  Expression: *ast.CallExpr {
    39  .  .  .  .  Fun: *ast.Identifier {
    40  .  .  .  .  .  NamePos: <string>:1:26
    41  .  .  .  .  .  Name: "local"
    42  .  .  .  .  }
    43  .  .  .  .  Args: []ast.Expression (len = 1) {
    44  .  .  .  .  .  0: *ast.IntLiteral {
    45  .  .  .  .  .  .  IntPos: <string>:1:32
    46  .  .  .  .  .  .  Lit: "2"
    47  .  .  .  .  .  .  Value: 2
    48  .  .  .  .  .  }
    49  .  .  .  .  }
    50  .  .  .  .  LeftParen: <string>:1:31
    51  .  .  .  .  RightParen: <string>:1:33
    52  .  .  .  }
    53  .  .  }
    54  .  }
    55  }
