     0  *ast.FuncDecl {
     1  .  Func: 1
     2  .  LeftBrace: 13
     3  .  RightBrace: 35
     4  .  Name: *ast.Identifier {
     5  .  .  NamePos: 6
     6  .  .  Name: "call"
     7  .  }
     8  .  Statements: []ast.Statement (len = 2) {
     9  .  .  0: *ast.ExprStatement {
    10  .  .  .  Expression: *ast.CallExpr {
    11  .  .  .  .  Fun: *ast.DotExpr {
    12  .  .  .  .  .  X: *ast.Identifier {
    13  .  .  .  .  .  .  NamePos: 15
    14  .  .  .  .  .  .  Name: "mod"
    15  .  .  .  .  .  }
    16  .  .  .  .  .  Dot: 18
    17  .  .  .  .  .  Attr: *ast.Identifier {
    18  .  .  .  .  .  .  NamePos: 19
    19  .  .  .  .  .  .  Name: "fn"
    20  .  .  .  .  .  }
    21  .  .  .  .  }
    22  .  .  .  .  Args: []ast.Expression (len = 1) {
    23  .  .  .  .  .  0: *ast.IntLiteral {
    24  .  .  .  .  .  .  IntPos: 22
    25  .  .  .  .  .  .  Lit: "1"
    26  .  .  .  .  .  .  Value: 1
    27  .  .  .  .  .  }
    28  .  .  .  .  }
    29  .  .  .  .  LeftParen: 21
    30  .  .  .  .  RightParen: 23
    31  .  .  .  }
    32  .  .  }
    33  .  .  1: *ast.ExprStatement {
    34  .  .  .  Expression: *ast.CallExpr {
    35  .  .  .  .  Fun: *ast.Identifier {
    36  .  .  .  .  .  NamePos: 26
    37  .  .  .  .  .  Name: "local"
    38  .  .  .  .  }
    39  .  .  .  .  Args: []ast.Expression (len = 1) {
    40  .  .  .  .  .  0: *ast.IntLiteral {
    41  .  .  .  .  .  .  IntPos: 32
    42  .  .  .  .  .  .  Lit: "2"
    43  .  .  .  .  .  .  Value: 2
    44  .  .  .  .  .  }
    45  .  .  .  .  }
    46  .  .  .  .  LeftParen: 31
    47  .  .  .  .  RightParen: 33
    48  .  .  .  }
    49  .  .  }
    50  .  }
    51  }
