     0  *ast.FuncDecl {
     1  .  Func: <string>:1:1
     2  .  LeftBrace: <string>:1:13
     3  .  RightBrace: <string>:4:4
     4  .  Name: *ast.Identifier {
     5  .  .  NamePos: <string>:1:6
     6  .  .  Name: "expr"
     7  .  }
     8  .  Parameters: *ast.FieldList {
     9  .  .  Opening: <string>:1:10
    10  .  .  Closing: <string>:1:11
    11  .  }
    12  .  Statements: []ast.Statement (len = 2) {
    13  .  .  0: *ast.ExprStatement {
    14  .  .  .  Expression: *ast.AssignExpr {
    15  .  .  .  .  Left: *ast.Identifier {
    16  .  .  .  .  .  NamePos: <string>:2:5
    17  .  .  .  .  .  Name: "test"
    18  .  .  .  .  }
    19  .  .  .  .  Equals: <string>:2:10
    20  .  .  .  .  Right: *ast.AtomLiteral {
    21  .  .  .  .  .  QuotePos: <string>:2:12
    22  .  .  .  .  .  Value: "hello"
    23  .  .  .  .  }
    24  .  .  .  }
    25  .  .  }
    26  .  .  1: *ast.ExprStatement {
    27  .  .  .  Expression: *ast.AssignExpr {
    28  .  .  .  .  Left: *ast.Identifier {
    29  .  .  .  .  .  NamePos: <string>:3:5
    30  .  .  .  .  .  Name: "a"
    31  .  .  .  .  }
    32  .  .  .  .  Equals: <string>:3:7
    33  .  .  .  .  Right: *ast.BinaryExpr {
    34  .  .  .  .  .  Left: *ast.IntLiteral {
    35  .  .  .  .  .  .  IntPos: <string>:3:9
    36  .  .  .  .  .  .  Lit: "3"
    37  .  .  .  .  .  .  Value: 3
    38  .  .  .  .  .  }
    39  .  .  .  .  .  OpPos: <string>:3:11
    40  .  .  .  .  .  Op: Plus
    41  .  .  .  .  .  Right: *ast.IntLiteral {
    42  .  .  .  .  .  .  IntPos: <string>:3:13
    43  .  .  .  .  .  .  Lit: "5"
    44  .  .  .  .  .  .  Value: 5
    45  .  .  .  .  .  }
    46  .  .  .  .  }
    47  .  .  .  }
    48  .  .  }
    49  .  }
    50  }
