     0  *ast.Module {
     1  .  File: *token.File {
     2  .  .  Name: "<test>"
     3  .  .  Size: 47
     4  .  }
     5  .  Id: *ast.Identifier {
     6  .  .  NamePos: <test>:1:8
     7  .  .  Name: "test"
     8  .  }
     9  .  Decls: []ast.Decl (len = 2) {
    10  .  .  0: *ast.ImportDecl {
    11  .  .  .  Import: <test>:1:14
    12  .  .  .  Path: *ast.StringLiteral {
    13  .  .  .  .  QuotePos: <test>:1:21
    14  .  .  .  .  Value: "a/b/c"
    15  .  .  .  .  Lit: "\"a/b/c\""
    16  .  .  .  }
    17  .  .  }
    18  .  .  1: *ast.ImportDecl {
    19  .  .  .  Import: <test>:1:30
    20  .  .  .  Alias: *ast.Identifier {
    21  .  .  .  .  NamePos: <test>:1:37
    22  .  .  .  .  Name: "b"
    23  .  .  .  }
    24  .  .  .  Path: *ast.StringLiteral {
    25  .  .  .  .  QuotePos: <test>:1:39
    26  .  .  .  .  Value: "belong"
    27  .  .  .  .  Lit: "\"belong\""
    28  .  .  .  }
    29  .  .  }
    30  .  }
    31  .  Imports: []*ast.ImportDecl (len = 2) {
    32  .  .  0: *(obj @ 10)
    33  .  .  1: *(obj @ 18)
    34  .  }
    35  }
