     0  *ast.Module {
     1  .  File: *token.File {
     2  .  .  Name: "<test>"
     3  .  .  Size: 77
     4  .  }
     5  .  Id: *ast.Identifier {
     6  .  .  NamePos: <test>:1:8
     7  .  .  Name: "test"
     8  .  }
     9  .  Decls: []ast.Decl (len = 1) {
    10  .  .  0: *ast.FuncDecl {
    11  .  .  .  Func: <test>:2:5
    12  .  .  .  LeftBrace: <test>:2:17
    13  .  .  .  RightBrace: <test>:5:5
    14  .  .  .  Name: *ast.Identifier {
    15  .  .  .  .  NamePos: <test>:2:10
    16  .  .  .  .  Name: "expr"
    17  .  .  .  }
    18  .  .  .  Parameters: *ast.FieldList {
    19  .  .  .  .  Opening: <test>:2:14
    20  .  .  .  .  Closing: <test>:2:15
    21  .  .  .  }
    22  .  .  .  Statements: []ast.Statement (len = 2) {
    23  .  .  .  .  0: *ast.ExprStatement {
    24  .  .  .  .  .  Expression: *ast.AssignExpr {
    25  .  .  .  .  .  .  Left: *ast.Identifier {
    26  .  .  .  .  .  .  .  NamePos: <test>:3:6
    27  .  .  .  .  .  .  .  Name: "test"
    28  .  .  .  .  .  .  }
    29  .  .  .  .  .  .  Equals: <test>:3:11
    30  .  .  .  .  .  .  Right: *ast.StringLiteral {
    31  .  .  .  .  .  .  .  QuotePos: <test>:3:13
    32  .  .  .  .  .  .  .  Value: "hello world"
    33  .  .  .  .  .  .  .  Lit: "\"hello world\""
    34  .  .  .  .  .  .  }
    35  .  .  .  .  .  }
    36  .  .  .  .  }
    37  .  .  .  .  1: *ast.ExprStatement {
    38  .  .  .  .  .  Expression: *ast.AssignExpr {
    39  .  .  .  .  .  .  Left: *ast.Identifier {
    40  .  .  .  .  .  .  .  NamePos: <test>:4:6
    41  .  .  .  .  .  .  .  Name: "a"
    42  .  .  .  .  .  .  }
    43  .  .  .  .  .  .  Equals: <test>:4:8
    44  .  .  .  .  .  .  Right: *ast.BinaryExpr {
    45  .  .  .  .  .  .  .  Left: *ast.IntLiteral {
    46  .  .  .  .  .  .  .  .  IntPos: <test>:4:10
    47  .  .  .  .  .  .  .  .  Lit: "3"
    48  .  .  .  .  .  .  .  .  Value: 3
    49  .  .  .  .  .  .  .  }
    50  .  .  .  .  .  .  .  OpPos: <test>:4:12
    51  .  .  .  .  .  .  .  Op: Plus
    52  .  .  .  .  .  .  .  Right: *ast.IntLiteral {
    53  .  .  .  .  .  .  .  .  IntPos: <test>:4:14
    54  .  .  .  .  .  .  .  .  Lit: "5"
    55  .  .  .  .  .  .  .  .  Value: 5
    56  .  .  .  .  .  .  .  }
    57  .  .  .  .  .  .  }
    58  .  .  .  .  .  }
    59  .  .  .  .  }
    60  .  .  .  }
    61  .  .  }
    62  .  }
    63  }
