     0  *ast.FuncDecl {
     1  .  Func: 1
     2  .  LeftBrace: 18
     3  .  RightBrace: 42
     4  .  Name: *ast.Identifier {
     5  .  .  NamePos: 6
     6  .  .  Name: "recursive"
     7  .  }
     8  .  Statements: []ast.Statement (len = 1) {
     9  .  .  0: *ast.ExprStatement {
    10  .  .  .  Expression: *ast.CallExpr {
    11  .  .  .  .  Fun: *ast.DotExpr {
    12  .  .  .  .  .  X: *ast.CallExpr {
    13  .  .  .  .  .  .  Fun: *ast.DotExpr {
    14  .  .  .  .  .  .  .  X: *ast.CallExpr {
    15  .  .  .  .  .  .  .  .  Fun: *ast.DotExpr {
    16  .  .  .  .  .  .  .  .  .  X: *ast.Identifier {
    17  .  .  .  .  .  .  .  .  .  .  NamePos: 20
    18  .  .  .  .  .  .  .  .  .  .  Name: "mod"
    19  .  .  .  .  .  .  .  .  .  }
    20  .  .  .  .  .  .  .  .  .  Dot: 23
    21  .  .  .  .  .  .  .  .  .  Attr: *ast.Identifier {
    22  .  .  .  .  .  .  .  .  .  .  NamePos: 24
    23  .  .  .  .  .  .  .  .  .  .  Name: "fn"
    24  .  .  .  .  .  .  .  .  .  }
    25  .  .  .  .  .  .  .  .  }
    26  .  .  .  .  .  .  .  .  Args: []ast.Expression (len = 1) {
    27  .  .  .  .  .  .  .  .  .  0: *ast.IntLiteral {
    28  .  .  .  .  .  .  .  .  .  .  IntPos: 27
    29  .  .  .  .  .  .  .  .  .  .  Lit: "1"
    30  .  .  .  .  .  .  .  .  .  .  Value: 1
    31  .  .  .  .  .  .  .  .  .  }
    32  .  .  .  .  .  .  .  .  }
    33  .  .  .  .  .  .  .  .  LeftParen: 26
    34  .  .  .  .  .  .  .  .  RightParen: 28
    35  .  .  .  .  .  .  .  }
    36  .  .  .  .  .  .  .  Dot: 29
    37  .  .  .  .  .  .  .  Attr: *ast.Identifier {
    38  .  .  .  .  .  .  .  .  NamePos: 30
    39  .  .  .  .  .  .  .  .  Name: "fn"
    40  .  .  .  .  .  .  .  }
    41  .  .  .  .  .  .  }
    42  .  .  .  .  .  .  Args: []ast.Expression (len = 1) {
    43  .  .  .  .  .  .  .  0: *ast.IntLiteral {
    44  .  .  .  .  .  .  .  .  IntPos: 33
    45  .  .  .  .  .  .  .  .  Lit: "2"
    46  .  .  .  .  .  .  .  .  Value: 2
    47  .  .  .  .  .  .  .  }
    48  .  .  .  .  .  .  }
    49  .  .  .  .  .  .  LeftParen: 32
    50  .  .  .  .  .  .  RightParen: 34
    51  .  .  .  .  .  }
    52  .  .  .  .  .  Dot: 35
    53  .  .  .  .  .  Attr: *ast.Identifier {
    54  .  .  .  .  .  .  NamePos: 36
    55  .  .  .  .  .  .  Name: "fn"
    56  .  .  .  .  .  }
    57  .  .  .  .  }
    58  .  .  .  .  Args: []ast.Expression (len = 1) {
    59  .  .  .  .  .  0: *ast.IntLiteral {
    60  .  .  .  .  .  .  IntPos: 39
    61  .  .  .  .  .  .  Lit: "3"
    62  .  .  .  .  .  .  Value: 3
    63  .  .  .  .  .  }
    64  .  .  .  .  }
    65  .  .  .  .  LeftParen: 38
    66  .  .  .  .  RightParen: 40
    67  .  .  .  }
    68  .  .  }
    69  .  }
    70  }
