     0  *ast.FuncDecl {
     1  .  Func: 1
     2  .  LeftBrace: 12
     3  .  RightBrace: 24
     4  .  Name: *ast.Identifier {
     5  .  .  NamePos: 6
     6  .  .  Name: "ret"
     7  .  }
     8  .  Statements: []ast.Statement (len = 1) {
     9  .  .  0: *ast.ReturnStatement {
    10  .  .  .  Return: 0
    11  .  .  .  Expression: *ast.UnaryExpr {
    12  .  .  .  .  Op: Minus
    13  .  .  .  .  OpPos: 21
    14  .  .  .  .  Right: *ast.Identifier {
    15  .  .  .  .  .  NamePos: 22
    16  .  .  .  .  .  Name: "b"
    17  .  .  .  .  }
    18  .  .  .  }
    19  .  .  }
    20  .  }
    21  }
