     0  *ast.Module {
     1  .  File: *token.File {
     2  .  .  Name: "<test>"
     3  .  .  Size: 55
     4  .  }
     5  .  Id: *ast.Identifier {
     6  .  .  NamePos: <test>:1:8
     7  .  .  Name: "test"
     8  .  }
     9  .  Decls: []ast.Decl (len = 2) {
    10  .  .  0: *ast.TypeDecl {
    11  .  .  .  TypePos: <test>:1:14
    12  .  .  .  Name: *ast.Identifier {
    13  .  .  .  .  NamePos: <test>:1:19
    14  .  .  .  .  Name: "Foo"
    15  .  .  .  }
    16  .  .  .  Definition: *ast.TupleType {
    17  .  .  .  .  Opener: <test>:1:23
    18  .  .  .  .  Elts: []ast.Expression (len = 3) {
    19  .  .  .  .  .  0: *ast.Identifier {
    20  .  .  .  .  .  .  NamePos: <test>:1:24
    21  .  .  .  .  .  .  Name: "int"
    22  .  .  .  .  .  }
    23  .  .  .  .  .  1: *ast.AtomLiteral {
    24  .  .  .  .  .  .  QuotePos: <test>:1:29
    25  .  .  .  .  .  .  Value: "a"
    26  .  .  .  .  .  }
    27  .  .  .  .  .  2: *ast.Identifier {
    28  .  .  .  .  .  .  NamePos: <test>:1:34
    29  .  .  .  .  .  .  Name: "int"
    30  .  .  .  .  .  }
    31  .  .  .  .  }
    32  .  .  .  .  Closer: <test>:1:37
    33  .  .  .  }
    34  .  .  }
    35  .  .  1: *ast.TypeDecl {
    36  .  .  .  TypePos: <test>:1:40
    37  .  .  .  Name: *ast.Identifier {
    38  .  .  .  .  NamePos: <test>:1:45
    39  .  .  .  .  Name: "LL"
    40  .  .  .  }
    41  .  .  .  Definition: *ast.ListType {
    42  .  .  .  .  Lbrack: <test>:1:48
    43  .  .  .  .  Elt: *ast.ListType {
    44  .  .  .  .  .  Lbrack: <test>:1:50
    45  .  .  .  .  .  Elt: *ast.Identifier {
    46  .  .  .  .  .  .  NamePos: <test>:1:52
    47  .  .  .  .  .  .  Name: "int"
    48  .  .  .  .  .  }
    49  .  .  .  .  .  Rbrack: <test>:1:51
    50  .  .  .  .  }
    51  .  .  .  .  Rbrack: <test>:1:49
    52  .  .  .  }
    53  .  .  }
    54  .  }
    55  }
