Module {
    Name: test
    FuncDecl {
        Name: expr
        Exported: true
        Parameters: [
        ]
        Statements: [
            ExprStatement {
                AssignExpr {
                    Left: test
                    Right: StringLiteral { Value: hello world }
                }
            }
            ExprStatement {
                AssignExpr {
                    Left: a
                    Right: {
                        + {
                            Left: IntLiteral { Value: 3 }
                            Right: IntLiteral { Value: 5 }
                        }
                    }
                }
            }
        ]
    }
}
