     0  *ast.Module {
     1  .  File: *token.File {
     2  .  .  Name: "<test>"
     3  .  .  Size: 77
     4  .  }
     5  .  Id: *ast.Identifier {
     6  .  .  NamePos: <test>:1:8
     7  .  .  Name: "test"
     8  .  }
     9  .  Decls: []ast.Decl (len = 1) {
    10  .  .  0: *ast.FuncDecl {
    11  .  .  .  Func: <test>:2:5
    12  .  .  .  LeftBrace: <test>:2:17
    13  .  .  .  RightBrace: <test>:5:5
    14  .  .  .  Name: *ast.Identifier {
    15  .  .  .  .  NamePos: <test>:2:10
    16  .  .  .  .  Name: "expr"
    17  .  .  .  }
    18  .  .  .  Statements: []ast.Statement (len = 2) {
    19  .  .  .  .  0: *ast.ExprStatement {
    20  .  .  .  .  .  Expression: *ast.AssignExpr {
    21  .  .  .  .  .  .  Left: *ast.Identifier {
    22  .  .  .  .  .  .  .  NamePos: <test>:3:6
    23  .  .  .  .  .  .  .  Name: "test"
    24  .  .  .  .  .  .  }
    25  .  .  .  .  .  .  Equals: <test>:3:11
    26  .  .  .  .  .  .  Right: *ast.StringLiteral {
    27  .  .  .  .  .  .  .  QuotePos: <test>:3:13
    28  .  .  .  .  .  .  .  Value: "hello world"
    29  .  .  .  .  .  .  }
    30  .  .  .  .  .  }
    31  .  .  .  .  }
    32  .  .  .  .  1: *ast.ExprStatement {
    33  .  .  .  .  .  Expression: *ast.AssignExpr {
    34  .  .  .  .  .  .  Left: *ast.Identifier {
    35  .  .  .  .  .  .  .  NamePos: <test>:4:6
    36  .  .  .  .  .  .  .  Name: "a"
    37  .  .  .  .  .  .  }
    38  .  .  .  .  .  .  Equals: <test>:4:8
    39  .  .  .  .  .  .  Right: *ast.BinaryExpr {
    40  .  .  .  .  .  .  .  Left: *ast.IntLiteral {
    41  .  .  .  .  .  .  .  .  IntPos: <test>:4:10
    42  .  .  .  .  .  .  .  .  Lit: "3"
    43  .  .  .  .  .  .  .  .  Value: 3
    44  .  .  .  .  .  .  .  }
    45  .  .  .  .  .  .  .  OpPos: <test>:4:12
    46  .  .  .  .  .  .  .  Op: Plus
    47  .  .  .  .  .  .  .  Right: *ast.IntLiteral {
    48  .  .  .  .  .  .  .  .  IntPos: <test>:4:14
    49  .  .  .  .  .  .  .  .  Lit: "5"
    50  .  .  .  .  .  .  .  .  Value: 5
    51  .  .  .  .  .  .  .  }
    52  .  .  .  .  .  .  }
    53  .  .  .  .  .  }
    54  .  .  .  .  }
    55  .  .  .  }
    56  .  .  }
    57  .  }
    58  }
