'test'/2 =
    (fun (_0,_1) ->
        let <_2> =
            call 'erlang':'a'
                ((_0
                -| [{'function',{'test',2}}]))
        in do 
            call 'erlang':'d'
                ()
            let <_3> =
                call 'erlang':'b'
                    ((_1
                    -| [{'function',{'test',2}}]))
            in call 'erlang':'+'
                (_3,100)
        -| [{'function',{'test',2}}])
